StrictPopulateError: Cannot populate path `course.category` because it is not in your schema. Set the `strictPopulate` option to false to override.
    at getModelsMapForPopulate (D:\Shahriar\Clint-projects\tutor-space\node_modules\.pnpm\mongoose@9.6.2\node_modules\mongoose\lib\helpers\populate\getModelsMapForPopulate.js:55:12)
    at _populatePath (D:\Shahriar\Clint-projects\tutor-space\node_modules\.pnpm\mongoose@9.6.2\node_modules\mongoose\lib\model.js:4417:21)
    at model.populate (D:\Shahriar\Clint-projects\tutor-space\node_modules\.pnpm\mongoose@9.6.2\node_modules\mongoose\lib\model.js:4384:21)
    at model.Query._find (D:\Shahriar\Clint-projects\tutor-space\node_modules\.pnpm\mongoose@9.6.2\node_modules\mongoose\lib\query.js:2505:23)
    at process.processTicksAndRejections (node:internal/process/task_queues:104:5)
    at async model.Query.exec (D:\Shahriar\Clint-projects\tutor-space\node_modules\.pnpm\mongoose@9.6.2\node_modules\mongoose\lib\query.js:4797:63)
    at async Promise.all (index 0)
    at async _populatePath (D:\Shahriar\Clint-projects\tutor-space\node_modules\.pnpm\mongoose@9.6.2\node_modules\mongoose\lib\model.js:4528:21)
    at async Promise.all (index 1)
    at async model.populate (D:\Shahriar\Clint-projects\tutor-space\node_modules\.pnpm\mongoose@9.6.2\node_modules\mongoose\lib\model.js:4386:5)
    at async model.Query.exec (D:\Shahriar\Clint-projects\tutor-space\node_modules\.pnpm\mongoose@9.6.2\node_modules\mongoose\lib\query.js:4797:63)
    at async GET (webpack-internal:///(rsc)/./app/api/enrollments/route.ts:86:22)
    at async AppRouteRouteModule.do (D:\Shahriar\Clint-projects\tutor-space\node_modules\.pnpm\next@16.2.6_@babel+core@7.2_7d7ddfdd25bda7360fc181e5027d31b3\node_modules\next\dist\compiled\next-server\app-route.runtime.dev.js:5:40115)
    at async AppRouteRouteModule.handle (D:\Shahriar\Clint-projects\tutor-space\node_modules\.pnpm\next@16.2.6_@babel+core@7.2_7d7ddfdd25bda7360fc181e5027d31b3\node_modules\next\dist\compiled\next-server\app-route.runtime.dev.js:5:47395)
    at async responseGenerator (webpack-internal:///(rsc)/./node_modules/.pnpm/next@16.2.6_@babel+core@7.2_7d7ddfdd25bda7360fc181e5027d31b3/node_modules/next/dist/build/webpack/loaders/next-app-loader/index.js?name=app%2Fapi%2Fenrollments%2Froute&page=%2Fapi%2Fenrollments%2Froute&appPaths=&allNormalizedAppPaths=&pagePath=private-next-app-dir%2Fapi%2Fenrollments%2Froute.ts&appDir=D%3A%5CShahriar%5CClint-projects%5Ctutor-space%5Capp&pageExtensions=tsx&pageExtensions=ts&pageExtensions=jsx&pageExtensions=js&rootDir=D%3A%5CShahriar%5CClint-projects%5Ctutor-space&isDev=true&tsconfigPath=&basePath=&assetPrefix=&nextConfigOutput=&preferredRegion=&middlewareConfig=e30%3D&isGlobalNotFoundEnabled=!:251:38)
    at async AppRouteRouteModule.handleResponse (D:\Shahriar\Clint-projects\tutor-space\node_modules\.pnpm\next@16.2.6_@babel+core@7.2_7d7ddfdd25bda7360fc181e5027d31b3\node_modules\next\dist\compiled\next-server\app-route.runtime.dev.js:1:228477)
    at async handleResponse (webpack-internal:///(rsc)/./node_modules/.pnpm/next@16.2.6_@babel+core@7.2_7d7ddfdd25bda7360fc181e5027d31b3/node_modules/next/dist/build/webpack/loaders/next-app-loader/index.js?name=app%2Fapi%2Fenrollments%2Froute&page=%2Fapi%2Fenrollments%2Froute&appPaths=&allNormalizedAppPaths=&pagePath=private-next-app-dir%2Fapi%2Fenrollments%2Froute.ts&appDir=D%3A%5CShahriar%5CClint-projects%5Ctutor-space%5Capp&pageExtensions=tsx&pageExtensions=ts&pageExtensions=jsx&pageExtensions=js&rootDir=D%3A%5CShahriar%5CClint-projects%5Ctutor-space&isDev=true&tsconfigPath=&basePath=&assetPrefix=&nextConfigOutput=&preferredRegion=&middlewareConfig=e30%3D&isGlobalNotFoundEnabled=!:314:32)
    at async Module.handler (webpack-internal:///(rsc)/./node_modules/.pnpm/next@16.2.6_@babel+core@7.2_7d7ddfdd25bda7360fc181e5027d31b3/node_modules/next/dist/build/webpack/loaders/next-app-loader/index.js?name=app%2Fapi%2Fenrollments%2Froute&page=%2Fapi%2Fenrollments%2Froute&appPaths=&allNormalizedAppPaths=&pagePath=private-next-app-dir%2Fapi%2Fenrollments%2Froute.ts&appDir=D%3A%5CShahriar%5CClint-projects%5Ctutor-space%5Capp&pageExtensions=tsx&pageExtensions=ts&pageExtensions=jsx&pageExtensions=js&rootDir=D%3A%5CShahriar%5CClint-projects%5Ctutor-space&isDev=true&tsconfigPath=&basePath=&assetPrefix=&nextConfigOutput=&preferredRegion=&middlewareConfig=e30%3D&isGlobalNotFoundEnabled=!:369:13)
    at async DevServer.renderToResponseWithComponentsImpl (D:\Shahriar\Clint-projects\tutor-space\node_modules\.pnpm\next@16.2.6_@babel+core@7.2_7d7ddfdd25bda7360fc181e5027d31b3\node_modules\next\dist\server\base-server.js:1462:9)
    at async DevServer.renderPageComponent (D:\Shahriar\Clint-projects\tutor-space\node_modules\.pnpm\next@16.2.6_@babel+core@7.2_7d7ddfdd25bda7360fc181e5027d31b3\node_modules\next\dist\server\base-server.js:1514:24)
    at async DevServer.renderToResponseImpl (D:\Shahriar\Clint-projects\tutor-space\node_modules\.pnpm\next@16.2.6_@babel+core@7.2_7d7ddfdd25bda7360fc181e5027d31b3\node_modules\next\dist\server\base-server.js:1564:32)
    at async DevServer.pipeImpl (D:\Shahriar\Clint-projects\tutor-space\node_modules\.pnpm\next@16.2.6_@babel+core@7.2_7d7ddfdd25bda7360fc181e5027d31b3\node_modules\next\dist\server\base-server.js:1044:25)
    at async NextNodeServer.handleCatchallRenderRequest (D:\Shahriar\Clint-projects\tutor-space\node_modules\.pnpm\next@16.2.6_@babel+core@7.2_7d7ddfdd25bda7360fc181e5027d31b3\node_modules\next\dist\server\next-server.js:338:17)
    at async DevServer.handleRequestImpl (D:\Shahriar\Clint-projects\tutor-space\node_modules\.pnpm\next@16.2.6_@babel+core@7.2_7d7ddfdd25bda7360fc181e5027d31b3\node_modules\next\dist\server\base-server.js:935:17)
    at async D:\Shahriar\Clint-projects\tutor-space\node_modules\.pnpm\next@16.2.6_@babel+core@7.2_7d7ddfdd25bda7360fc181e5027d31b3\node_modules\next\dist\server\dev\next-dev-server.js:394:20
    at async Span.traceAsyncFn (D:\Shahriar\Clint-projects\tutor-space\node_modules\.pnpm\next@16.2.6_@babel+core@7.2_7d7ddfdd25bda7360fc181e5027d31b3\node_modules\next\dist\trace\trace.js:164:20)
    at async DevServer.handleRequest (D:\Shahriar\Clint-projects\tutor-space\node_modules\.pnpm\next@16.2.6_@babel+core@7.2_7d7ddfdd25bda7360fc181e5027d31b3\node_modules\next\dist\server\dev\next-dev-server.js:390:24)
    at async invokeRender (D:\Shahriar\Clint-projects\tutor-space\node_modules\.pnpm\next@16.2.6_@babel+core@7.2_7d7ddfdd25bda7360fc181e5027d31b3\node_modules\next\dist\server\lib\router-server.js:266:21)
    at async handleRequest (D:\Shahriar\Clint-projects\tutor-space\node_modules\.pnpm\next@16.2.6_@babel+core@7.2_7d7ddfdd25bda7360fc181e5027d31b3\node_modules\next\dist\server\lib\router-server.js:465:24)
    at async requestHandlerImpl (D:\Shahriar\Clint-projects\tutor-space\node_modules\.pnpm\next@16.2.6_@babel+core@7.2_7d7ddfdd25bda7360fc181e5027d31b3\node_modules\next\dist\server\lib\router-server.js:514:13)
    at async Server.requestListener (D:\Shahriar\Clint-projects\tutor-space\node_modules\.pnpm\next@16.2.6_@babel+core@7.2_7d7ddfdd25bda7360fc181e5027d31b3\node_modules\next\dist\server\lib\start-server.js:225:13)